#0 building with "default" instance using docker driver

#1 [internal] load build definition from Dockerfile.runtime
#1 transferring dockerfile: 83B done
#1 DONE 0.0s

#2 [internal] load .dockerignore
#2 transferring context: 2B done
#2 DONE 0.0s

#3 [internal] load build context
#3 transferring context: 32.73MB 0.2s done
#3 DONE 0.3s

#4 [1/2] COPY rootfs/ /
#4 DONE 0.1s

#5 exporting to image
#5 exporting layers
#5 exporting layers 1.3s done
#5 exporting manifest sha256:3954334dba29f2c92a069a75e6e6d618abf6074bea5198a7529d8ffb74fcff23 0.0s done
#5 exporting config sha256:cd20199cc5fd20e78f2cf0e99e78acf71f6b9191f5afb206d4a784baabd3bd87 0.0s done
#5 exporting attestation manifest sha256:5780723d67fd1d7d6ac80e926c18033f23494f0d91c51b0c9d47671c1fa649f0 0.1s done
#5 exporting manifest list sha256:0fcbc69f73ccc8cdd3ed689888a530bfd7765bfd0e011189a10e6460461db5a0 0.0s done
#5 naming to docker.io/library/moonpulsar-native-b:1790581712213 done
#5 unpacking to docker.io/library/moonpulsar-native-b:1790581712213
#5 unpacking to docker.io/library/moonpulsar-native-b:1790581712213 0.2s done
#5 DONE 1.8s
