#0 building with "default" instance using docker driver

#1 [internal] load build definition from Dockerfile.runtime
#1 transferring dockerfile: 83B done
#1 DONE 0.0s

#2 [internal] load .dockerignore
#2 transferring context: 2B done
#2 DONE 0.0s

#3 [internal] load build context
#3 transferring context: 6.01MB 0.0s done
#3 DONE 0.1s

#4 [1/2] COPY rootfs/ /
#4 DONE 0.1s

#5 exporting to image
#5 exporting layers
#5 exporting layers 1.7s done
#5 exporting manifest sha256:b197ebc0ed9e04a5692f64bd07fea5f63341f4636417700749ac7ed23ac23566 0.0s done
#5 exporting config sha256:a479a65c7045e5c001a2888405a85012b2d141f8cc0f5b748d787b0fdd83c86c 0.0s done
#5 exporting attestation manifest sha256:b93cb33ab5d9334e0cec613a5919cca199c02433b1a3e260e60a0685b2284e8d 0.1s done
#5 exporting manifest list sha256:1aac8879eb18eaddff52424d7b0494a0f950dfecb43f22521f29b68ab6b9966d
#5 exporting manifest list sha256:1aac8879eb18eaddff52424d7b0494a0f950dfecb43f22521f29b68ab6b9966d 0.0s done
#5 naming to docker.io/library/moonpulsar-native-c:1790581712213 done
#5 unpacking to docker.io/library/moonpulsar-native-c:1790581712213
#5 unpacking to docker.io/library/moonpulsar-native-c:1790581712213 0.2s done
#5 DONE 2.1s
