PASS image-build
PASS image-id
PASS package
PASS archive-sha256
PASS unzip
PASS toolchain-bin
PASS toolchain-lib
PASS toolchain-include
PASS dependency-cache
PASS warm-dependencies
PASS packages
PASS A-consumer---debug
PASS A-consumer---release
PASS fixtures
PASS rootfs-fixtures
PASS runtime-lib-ld-linux-x86-64.so.2
PASS runtime-lib-libc.so.6
PASS runtime-lib-libm.so.6
PASS runtime-lib-libgcc_s.so.1
PASS runtime-lib-libpthread.so.0
PASS runtime-lib-libdl.so.2
PASS build-probe
PASS A-build-tests-debug
PASS ldd-debug-whitebox
PASS copy-debug-whitebox
PASS ldd-debug-blackbox
PASS copy-debug-blackbox
PASS A-runtime-debug
PASS A-build-tests-release
PASS ldd-release-whitebox
PASS copy-release-whitebox
PASS ldd-release-blackbox
PASS copy-release-blackbox
PASS A-runtime-release
PASS B-image
PASS B-libraries-absent
PASS B-runtime-debug
PASS B-runtime-release
PASS C-libssl.so.3
PASS C-libcrypto.so.3
PASS C-image
PASS runtime-image-ids
PASS openssl-version
PASS C-TLS-debug
PASS C-crypto-debug
PASS C-TLS-release
PASS C-crypto-release
PASS Linux A/B/C; report: /tmp/moonpulsar-native-plan-20260928/reports/matrix-final-r2
