Running moon check ...
Finished. moon: ran 102 tasks, now up to date
Check passed
CAPABILITY_MATRIX.md
LICENSE
NOTICE
PERFORMANCE.md
README.mbt.md
README.md
README.zh-CN.md
ack_grouping.mbt
admin.mbt
athenz_cert_http.mbt
athenz_zts.mbt
avro_resolution.mbt
batch_ack.mbt
chunk.mbt
client.mbt
client_options.mbt
compression.mbt
connection.mbt
connection_manager.mbt
consumer.mbt
consumer_interceptor.mbt
crc32c.mbt
error.mbt
frame.mbt
interop/PERFORMANCE_COMPARISON.md
interop/athenz_broker/README.md
interop/athenz_broker/mock_zts.py
interop/athenz_cert/README.md
interop/athenz_cert/mock_zts.py
interop/challenge_broker/ChallengeAuthProvider.java
interop/challenge_broker/README.md
interop/go/README.md
interop/go/avro_evolution_test.go
interop/go/chunk/main.go
interop/go/encryption/main.go
interop/go/go.mod
interop/go/go.sum
interop/go/main.go
interop/go/perf/main.go
interop/go/perf/main_test.go
interop/java/AvroEvolutionInterop.java
interop/java/ChunkInterop.java
interop/java/EncryptionInterop.java
interop/java/README.md
interop/perf-rust/Cargo.lock
interop/perf-rust/Cargo.toml
interop/perf-rust/src/main.rs
lookup.mbt
lz4.mbt
memory_limit.mbt
message.mbt
message_crypto.mbt
moon.mod
moon.pkg
moonpulsar.mbt
native_ecies/moon.pkg
native_ecies/native_ecies.c
native_ecies/native_ecies.mbt
native_ecies/pkg.generated.mbti
native_support/README.md
native_support/openssl_abi.h
native_tls/moon.pkg
native_tls/native_tls.c
native_tls/native_tls.mbt
native_tls/pkg.generated.mbti
performance-results/2026-09-26-3227d9a/README.md
performance-results/2026-09-26-3227d9a/summary.json
performance-results/2026-09-26-comparison/README.md
performance-results/2026-09-26-comparison/runs.json
performance-results/2026-09-26-comparison/status.json
performance-results/2026-09-26-comparison/summary.json
performance-results/2026-09-26-rss-broker-rerun/README.md
performance-results/2026-09-26-rss-broker-rerun/runs.json
performance-results/2026-09-26-rss-broker-rerun/status.json
performance-results/2026-09-26-rss-broker-rerun/summary.json
performance-results/2026-09-26-rss-fix/README.md
performance-results/2026-09-26-rss-fix/summary.json
pkg.generated.mbti
producer.mbt
producer_deadline.mbt
producer_interceptor.mbt
proto/PulsarApi.proto
proto/moon.pkg
proto/pkg.generated.mbti
proto/top.mbt
reader.mbt
retry.mbt
retry_letter.mbt
schema.mbt
schema_codec.mbt
snappy.mbt
table_view.mbt
telemetry.mbt
tls_options.mbt
trait_extensions.mbt
transaction.mbt
xxhash.mbt
zlib_sync_flush.mbt
Package to /tmp/moonpulsar-native-plan-20260928/source/_build/publish/pangbit-moonpulsar-0.1.0.zip
