DEBUG route: frame type 21
DEBUG route: frame type 21
DEBUG route: frame type 21
DEBUG route: frame type 21
DEBUG route: frame type 21
DEBUG route: frame type 21
DEBUG route: frame type 21
DEBUG route: frame type 23
DEBUG route: frame type 23
DEBUG route: frame type 23
DEBUG route: frame type 23
DEBUG route: frame type 23
DEBUG route: frame type 21
DEBUG route: frame type 23
DEBUG route: frame type 23
DEBUG route: frame type 5
DEBUG route: frame type 4
DEBUG route: frame type 4
DEBUG route: frame type 4
DEBUG route: frame type 4
DEBUG route: frame type 23
DEBUG route: frame type 4
DEBUG route: frame type 4
DEBUG route: frame type 21
DEBUG route: frame type 11
DEBUG route: frame type 11
DEBUG route: frame type 11
DEBUG route: frame type 4
DEBUG route: frame type 29
DEBUG route: frame type 11
DEBUG route: frame type 29
DEBUG route: frame type 29
DEBUG route: frame type 11
DEBUG route: frame type 23
DEBUG route: frame type 29
DEBUG route: frame type 11
DEBUG route: frame type 29
DEBUG route: frame type 4
DEBUG route: frame type 16
DEBUG route: frame type 16
DEBUG route: frame type 16
DEBUG route: frame type 11
DEBUG route: frame type 6
DEBUG route: frame type 16
DEBUG route: frame type 16
DEBUG route: frame type 10
DEBUG route: frame type 16
DEBUG route: frame type 15
DEBUG route: frame type 23
DEBUG route: frame type 23
DEBUG route: frame type 34
DEBUG route: frame type 16
DEBUG route: frame type 34
DEBUG route: frame type 23
DEBUG route: frame type 34
DEBUG: connected
DEBUG route: frame type 21
DEBUG route: frame type 23
DEBUG route: frame type 5
DEBUG route: frame type 23
DEBUG route: frame type 5
DEBUG: producer created
DEBUG route: frame type 6
DEBUG route: frame type 6
DEBUG route: frame type 6
DEBUG route: frame type 6
DEBUG route: frame type 15
DEBUG route: frame type 15
DEBUG route: frame type 21
DEBUG route: frame type 23
DEBUG route: frame type 5
DEBUG route: frame type 23
DEBUG route: frame type 5
DEBUG route: frame type 23
DEBUG route: frame type 5
DEBUG route: frame type 6
DEBUG route: frame type 6
DEBUG route: frame type 6
DEBUG route: frame type 6
DEBUG route: frame type 15
DEBUG route: frame type 15
DEBUG route: frame type 15
DEBUG route: frame type 21
DEBUG route: frame type 23
DEBUG route: frame type 4
DEBUG route: frame type 11
DEBUG route: frame type 23
DEBUG route: frame type 21
DEBUG route: frame type 4
DEBUG route: frame type 23
DEBUG route: frame type 11
DEBUG route: frame type 5
DEBUG route: frame type 10
DEBUG route: frame type 23
DEBUG route: frame type 10
DEBUG route: frame type 21
DEBUG route: frame type 16
DEBUG route: frame type 5
DEBUG route: frame type 23
DEBUG route: frame type 16
DEBUG route: frame type 23
DEBUG route: frame type 5
DEBUG route: frame type 5
DEBUG route: frame type 21
DEBUG route: frame type 6
DEBUG route: frame type 23
DEBUG route: frame type 6
DEBUG route: frame type 21
DEBUG route: frame type 6
DEBUG route: frame type 4
DEBUG route: frame type 23
DEBUG route: frame type 15
DEBUG route: frame type 11
DEBUG route: frame type 4
DEBUG route: frame type 15
DEBUG route: frame type 11
DEBUG route: frame type 15
DEBUG route: frame type 21
DEBUG route: frame type 23
DEBUG route: frame type 5
DEBUG route: frame type 23
DEBUG route: frame type 5
DEBUG route: frame type 23
DEBUG route: frame type 5
DEBUG route: frame type 6
DEBUG route: frame type 6
DEBUG route: frame type 6
DEBUG route: frame type 15
DEBUG route: frame type 15
DEBUG route: frame type 15
DEBUG route: frame type 21
DEBUG route: frame type 23
DEBUG route: frame type 5
DEBUG route: frame type 32
DEBUG route: frame type 21
DEBUG route: frame type 23
DEBUG route: frame type 21
DEBUG route: frame type 4
DEBUG route: frame type 23
DEBUG route: frame type 21
DEBUG route: frame type 11
DEBUG route: frame type 4
DEBUG route: frame type 23
DEBUG route: frame type 6
DEBUG route: frame type 11
DEBUG route: frame type 4
DEBUG route: frame type 15
DEBUG route: frame type 16
DEBUG route: frame type 11
DEBUG route: frame type 15
DEBUG route: frame type 16
DEBUG route: frame type 16
DEBUG route: frame type 16
DEBUG route: frame type 32
DEBUG route: frame type 32
DEBUG route: frame type 21
DEBUG route: frame type 21
DEBUG route: frame type 23
DEBUG route: frame type 23
DEBUG route: frame type 4
DEBUG route: frame type 4
DEBUG route: frame type 11
DEBUG route: frame type 21
DEBUG route: frame type 11
DEBUG route: frame type 23
DEBUG route: frame type 4
DEBUG route: frame type 11
DEBUG route: frame type 21
DEBUG route: frame type 23
DEBUG route: frame type 4
DEBUG route: frame type 11
DEBUG route: frame type 21
DEBUG route: frame type 23
DEBUG route: frame type 32
DEBUG route: frame type 4
DEBUG route: frame type 21
DEBUG route: frame type 11
DEBUG route: frame type 23
DEBUG route: frame type 4
DEBUG route: frame type 10
DEBUG route: frame type 10
DEBUG route: frame type 16
DEBUG route: frame type 11
DEBUG route: frame type 16
DEBUG route: frame type 10
DEBUG route: frame type 16
DEBUG route: frame type 16
DEBUG route: frame type 21
DEBUG route: frame type 21
DEBUG route: frame type 23
DEBUG route: frame type 4
DEBUG route: frame type 11
DEBUG route: frame type 32
DEBUG route: frame type 32
DEBUG route: frame type 16
DEBUG route: frame type 32
DEBUG route: frame type 32
DEBUG route: frame type 21
DEBUG route: frame type 21
DEBUG route: frame type 23
DEBUG route: frame type 23
DEBUG route: frame type 4
DEBUG route: frame type 4
DEBUG route: frame type 11
DEBUG route: frame type 11
DEBUG route: frame type 10
DEBUG route: frame type 16
DEBUG route: frame type 16
DEBUG route: frame type 16
DEBUG route: frame type 21
DEBUG route: frame type 21
DEBUG route: frame type 23
DEBUG route: frame type 23
DEBUG route: frame type 4
DEBUG route: frame type 4
DEBUG route: frame type 11
DEBUG route: frame type 21
DEBUG route: frame type 11
DEBUG route: frame type 16
DEBUG route: frame type 16
DEBUG route: frame type 23
DEBUG route: frame type 10
DEBUG route: frame type 10
DEBUG route: frame type 16
DEBUG route: frame type 4
DEBUG route: frame type 11
DEBUG route: frame type 10
DEBUG route: frame type 16
DEBUG route: frame type 21
DEBUG route: frame type 21
DEBUG route: frame type 23
DEBUG route: frame type 23
DEBUG route: frame type 4
DEBUG route: frame type 21
DEBUG route: frame type 4
DEBUG route: frame type 23
DEBUG route: frame type 11
DEBUG route: frame type 11
DEBUG route: frame type 4
DEBUG route: frame type 10
DEBUG route: frame type 11
DEBUG route: frame type 16
DEBUG route: frame type 16
DEBUG route: frame type 11
DEBUG route: frame type 16
DEBUG route: frame type 16
DEBUG route: frame type 21
DEBUG route: frame type 23
DEBUG route: frame type 4
DEBUG route: frame type 11
DEBUG route: frame type 11
DEBUG route: frame type 16
DEBUG route: frame type 20
DEBUG route: frame type 16
DEBUG route: frame type 21
DEBUG route: frame type 23
DEBUG route: frame type 5
DEBUG route: frame type 21
DEBUG route: frame type 23
DEBUG route: frame type 4
DEBUG route: frame type 11
DEBUG route: frame type 16
DEBUG route: frame type 15
DEBUG route: frame type 21
DEBUG route: frame type 23
DEBUG route: frame type 4
DEBUG route: frame type 11
DEBUG route: frame type 23
DEBUG route: frame type 34
DEBUG route: frame type 23
DEBUG route: frame type 34
DEBUG route: frame type 16
[pangbit/moonpulsar] test producer_deadline_wbtest.mbt:287 ("send deadline starts after waiting for producer admission") failed: request timeout
[pangbit/moonpulsar] test athenz_cert_wbtest.mbt:84 ("Athenz certificate ZTS exchange caches and retries over verified TLS") failed: OSError("@socket.Tcp::connect(): Connection refused")
[pangbit/moonpulsar] test producer_backpressure_wbtest.mbt:314 ("batched send timeout includes time spent waiting for flush") failed: producer_backpressure_wbtest.mbt:346:5-346:36@pangbit/moonpulsar FAILED: `false` is not true
Total tests: 326, passed: 323, failed: 3.
