/tmp/moonpulsar-native-plan-20260928/source/.mooncakes/moonbitlang/async/src/internal/event_loop/thread_pool.c: In function ‘cancellation_signal_handler’:
/tmp/moonpulsar-native-plan-20260928/source/.mooncakes/moonbitlang/async/src/internal/event_loop/thread_pool.c:468:5: warning: ignoring return value of ‘write’ declared with attribute ‘warn_unused_result’ [-Wunused-result]
  468 |     write(pool.notify_send, &data, sizeof(data));
      |     ^~~~~~~~~~~~~~~~~~~~~~~~~~~~~~~~~~~~~~~~~~~~
/tmp/moonpulsar-native-plan-20260928/source/athenz_zts.mbt: In function ‘_M0FP27pangbit10moonpulsar21athenz__zts__providerC33005l212’:
/tmp/moonpulsar-native-plan-20260928/source/athenz_zts.mbt:258:3: warning: assignment to ‘struct _M0TPB8MutLocalGRPC15error5ErrorE *’ from incompatible pointer type ‘struct _M0TPB8MutLocalGRP27pangbit10moonpulsar11PulsarErrorE *’ [-Wincompatible-pointer-types]
/tmp/moonpulsar-native-plan-20260928/source/athenz_zts.mbt: In function ‘_M0FP27pangbit10moonpulsar21athenz__zts__providerC94076l212’:
/tmp/moonpulsar-native-plan-20260928/source/athenz_zts.mbt:258:3: warning: assignment to ‘struct _M0TPB8MutLocalGRPC15error5ErrorE *’ from incompatible pointer type ‘struct _M0TPB8MutLocalGRP27pangbit10moonpulsar11PulsarErrorE *’ [-Wincompatible-pointer-types]
/tmp/moonpulsar-native-plan-20260928/source/athenz_zts.mbt: In function ‘_M0FP27pangbit10moonpulsar21athenz__zts__providerC237089l212’:
/tmp/moonpulsar-native-plan-20260928/source/athenz_zts.mbt:258:3: warning: assignment to ‘struct _M0TPB8MutLocalGRPC15error5ErrorE *’ from incompatible pointer type ‘struct _M0TPB8MutLocalGRP27pangbit10moonpulsar11PulsarErrorE *’ [-Wincompatible-pointer-types]
DEBUG route: frame type 21
DEBUG route: frame type 21
DEBUG route: frame type 21
DEBUG route: frame type 21
DEBUG route: frame type 21
DEBUG route: frame type 23
DEBUG route: frame type 23
DEBUG route: frame type 23
DEBUG route: frame type 21
DEBUG route: frame type 21
DEBUG route: frame type 23
DEBUG route: frame type 23
DEBUG route: frame type 5
DEBUG route: frame type 4
DEBUG route: frame type 4
DEBUG route: frame type 23
DEBUG route: frame type 23
DEBUG route: frame type 4
DEBUG route: frame type 21
DEBUG route: frame type 4
DEBUG route: frame type 21
DEBUG route: frame type 11
DEBUG route: frame type 11
DEBUG route: frame type 4
DEBUG route: frame type 4
DEBUG route: frame type 29
DEBUG route: frame type 11
DEBUG route: frame type 23
DEBUG route: frame type 29
DEBUG route: frame type 23
DEBUG route: frame type 11
DEBUG route: frame type 11
DEBUG route: frame type 4
DEBUG route: frame type 29
DEBUG route: frame type 29
DEBUG route: frame type 4
DEBUG route: frame type 11
DEBUG route: frame type 29
DEBUG route: frame type 16
DEBUG route: frame type 16
DEBUG route: frame type 11
DEBUG route: frame type 6
DEBUG route: frame type 16
DEBUG route: frame type 10
DEBUG route: frame type 16
DEBUG route: frame type 16
DEBUG route: frame type 15
DEBUG route: frame type 16
DEBUG route: frame type 23
DEBUG route: frame type 34
DEBUG route: frame type 23
DEBUG route: frame type 34
DEBUG route: frame type 23
DEBUG route: frame type 34
DEBUG route: frame type 16
DEBUG: connected
DEBUG route: frame type 21
DEBUG route: frame type 23
DEBUG route: frame type 5
DEBUG route: frame type 23
DEBUG route: frame type 5
DEBUG: producer created
DEBUG route: frame type 6
DEBUG route: frame type 6
DEBUG route: frame type 6
DEBUG route: frame type 6
DEBUG route: frame type 15
DEBUG route: frame type 15
DEBUG route: frame type 21
DEBUG route: frame type 23
DEBUG route: frame type 5
DEBUG route: frame type 23
DEBUG route: frame type 5
DEBUG route: frame type 23
DEBUG route: frame type 5
DEBUG route: frame type 6
DEBUG route: frame type 6
DEBUG route: frame type 6
DEBUG route: frame type 6
DEBUG route: frame type 15
DEBUG route: frame type 15
DEBUG route: frame type 15
DEBUG route: frame type 21
DEBUG route: frame type 23
DEBUG route: frame type 5
DEBUG route: frame type 23
DEBUG route: frame type 5
DEBUG route: frame type 23
DEBUG route: frame type 5
DEBUG route: frame type 6
DEBUG route: frame type 6
DEBUG route: frame type 6
DEBUG route: frame type 15
DEBUG route: frame type 21
DEBUG route: frame type 15
DEBUG route: frame type 23
DEBUG route: frame type 4
DEBUG route: frame type 15
DEBUG route: frame type 11
DEBUG route: frame type 23
DEBUG route: frame type 4
DEBUG route: frame type 11
DEBUG route: frame type 21
DEBUG route: frame type 10
DEBUG route: frame type 21
DEBUG route: frame type 10
DEBUG route: frame type 23
DEBUG route: frame type 16
DEBUG route: frame type 23
DEBUG route: frame type 5
DEBUG route: frame type 16
DEBUG route: frame type 5
DEBUG route: frame type 23
DEBUG route: frame type 21
DEBUG route: frame type 5
DEBUG route: frame type 23
DEBUG route: frame type 23
DEBUG route: frame type 4
DEBUG route: frame type 5
DEBUG route: frame type 21
DEBUG route: frame type 11
DEBUG route: frame type 6
DEBUG route: frame type 23
DEBUG route: frame type 6
DEBUG route: frame type 4
DEBUG route: frame type 6
DEBUG route: frame type 11
DEBUG route: frame type 15
DEBUG route: frame type 15
DEBUG route: frame type 15
DEBUG route: frame type 32
DEBUG route: frame type 21
DEBUG route: frame type 32
DEBUG route: frame type 23
DEBUG route: frame type 21
DEBUG route: frame type 4
DEBUG route: frame type 23
DEBUG route: frame type 11
DEBUG route: frame type 4
DEBUG route: frame type 11
DEBUG route: frame type 21
DEBUG route: frame type 23
DEBUG route: frame type 4
DEBUG route: frame type 11
DEBUG route: frame type 21
DEBUG route: frame type 23
DEBUG route: frame type 5
DEBUG route: frame type 21
DEBUG route: frame type 23
DEBUG route: frame type 21
DEBUG route: frame type 4
DEBUG route: frame type 23
DEBUG route: frame type 11
DEBUG route: frame type 4
DEBUG route: frame type 11
DEBUG route: frame type 16
DEBUG route: frame type 16
DEBUG route: frame type 16
DEBUG route: frame type 16
DEBUG route: frame type 32
DEBUG route: frame type 6
DEBUG route: frame type 21
DEBUG route: frame type 15
DEBUG route: frame type 23
DEBUG route: frame type 15
DEBUG route: frame type 32
DEBUG route: frame type 4
DEBUG route: frame type 21
DEBUG route: frame type 11
DEBUG route: frame type 23
DEBUG route: frame type 4
DEBUG route: frame type 11
DEBUG route: frame type 10
DEBUG route: frame type 16
DEBUG route: frame type 32
DEBUG route: frame type 16
DEBUG route: frame type 16
DEBUG route: frame type 21
DEBUG route: frame type 23
DEBUG route: frame type 4
DEBUG route: frame type 11
DEBUG route: frame type 21
DEBUG route: frame type 23
DEBUG route: frame type 4
DEBUG route: frame type 11
DEBUG route: frame type 10
DEBUG route: frame type 10
DEBUG route: frame type 16
DEBUG route: frame type 16
DEBUG route: frame type 21
DEBUG route: frame type 21
DEBUG route: frame type 23
DEBUG route: frame type 4
DEBUG route: frame type 11
DEBUG route: frame type 32
DEBUG route: frame type 32
DEBUG route: frame type 21
DEBUG route: frame type 23
DEBUG route: frame type 4
DEBUG route: frame type 11
DEBUG route: frame type 16
DEBUG route: frame type 16
DEBUG route: frame type 32
DEBUG route: frame type 21
DEBUG route: frame type 23
DEBUG route: frame type 4
DEBUG route: frame type 11
DEBUG route: frame type 10
DEBUG route: frame type 16
DEBUG route: frame type 21
DEBUG route: frame type 21
DEBUG route: frame type 23
DEBUG route: frame type 23
DEBUG route: frame type 4
DEBUG route: frame type 4
DEBUG route: frame type 11
DEBUG route: frame type 11
DEBUG route: frame type 16
DEBUG route: frame type 16
DEBUG route: frame type 10
DEBUG route: frame type 10
DEBUG route: frame type 16
DEBUG route: frame type 21
DEBUG route: frame type 21
DEBUG route: frame type 21
DEBUG route: frame type 23
DEBUG route: frame type 23
DEBUG route: frame type 23
DEBUG route: frame type 4
DEBUG route: frame type 4
DEBUG route: frame type 4
DEBUG route: frame type 11
DEBUG route: frame type 11
DEBUG route: frame type 11
DEBUG route: frame type 10
DEBUG route: frame type 11
DEBUG route: frame type 10
DEBUG route: frame type 16
DEBUG route: frame type 16
DEBUG route: frame type 16
DEBUG route: frame type 16
DEBUG route: frame type 21
DEBUG route: frame type 23
DEBUG route: frame type 4
DEBUG route: frame type 11
DEBUG route: frame type 16
DEBUG route: frame type 21
DEBUG route: frame type 23
DEBUG route: frame type 4
DEBUG route: frame type 11
DEBUG route: frame type 11
DEBUG route: frame type 16
DEBUG route: frame type 21
DEBUG route: frame type 23
DEBUG route: frame type 5
DEBUG route: frame type 21
DEBUG route: frame type 23
DEBUG route: frame type 4
DEBUG route: frame type 11
DEBUG route: frame type 16
DEBUG route: frame type 15
DEBUG route: frame type 21
DEBUG route: frame type 23
DEBUG route: frame type 4
DEBUG route: frame type 11
DEBUG route: frame type 23
DEBUG route: frame type 34
DEBUG route: frame type 23
DEBUG route: frame type 34
DEBUG route: frame type 16
DEBUG route: frame type 20
DEBUG route: frame type 16
Total tests: 326, passed: 326, failed: 0.
