BENCH size=1024 sample=0 mode=old us=[87.0737, 86.4072, 84.72005, 85.2206, 85.43365]
BENCH size=1024 sample=0 mode=new us=[2.6655, 2.4663, 2.45415, 2.80445, 2.4103000000000003]
BENCH size=1024 sample=1 mode=old us=[80.91585, 80.86420000000001, 80.78745, 84.0306, 81.08355]
BENCH size=1024 sample=1 mode=new us=[1.44695, 1.2557500000000001, 1.2535500000000002, 1.25065, 1.25]
BENCH size=32768 sample=2 mode=old us=[
  229.05259999999998,
  222.78654999999998,
  227.7194,
  221.76435,
  226.1365,
]
BENCH size=32768 sample=2 mode=new us=[25.32515, 24.561600000000002, 24.32295, 24.35205, 24.35985]
BENCH size=32768 sample=3 mode=old us=[101.56230000000001, 100.77145, 100.09915, 103.49715, 100.8688]
BENCH size=32768 sample=3 mode=new us=[9.1786, 7.62055, 7.6083, 8.16155, 7.57855]
BENCH size=262144 sample=4 mode=old us=[
  1220.0574000000001,
  1202.98405,
  1211.5334,
  1205.43365,
  1210.3521499999974,
]
BENCH size=262144 sample=4 mode=new us=[139.815, 133.91815, 132.58769999999998, 132.32319999999999, 132.0176]
BENCH size=262144 sample=5 mode=old us=[306.45065, 305.914, 306.9703, 306.46275, 307.87465000000003]
BENCH size=262144 sample=5 mode=new us=[67.06725, 62.85170000000001, 62.161699999999996, 62.58355, 64.86775]
PASS 1000 sync-flush and 1000 complete streams against native baseline
Total tests: 1, passed: 1, failed: 0.
Using cached Milky2018/moon_yazi@0.1.3
Using cached Milky2018/zstd@0.1.3
Using cached moonbitlang/protobuf@0.1.3
Using cached moonbitlang/async@0.22.1
Using cached moonbit-community/flate@0.8.3
Using cached yugonlian/moon-avro@0.3.0
Using cached cc06b/mooncry@0.95.0
/tmp/moonpulsar-native-plan-20260928/reports/zlib-final/library/.mooncakes/moonbitlang/async/src/internal/event_loop/thread_pool.c: In function ‘cancellation_signal_handler’:
/tmp/moonpulsar-native-plan-20260928/reports/zlib-final/library/.mooncakes/moonbitlang/async/src/internal/event_loop/thread_pool.c:468:5: warning: ignoring return value of ‘write’ declared with attribute ‘warn_unused_result’ [-Wunused-result]
  468 |     write(pool.notify_send, &data, sizeof(data));
      |     ^~~~~~~~~~~~~~~~~~~~~~~~~~~~~~~~~~~~~~~~~~~~
