/Users/xubochen/Workspace/mooncakes/moonpulsar/athenz_zts.mbt:258:3: warning: incompatible pointer types assigning to 'struct _M0TPB8MutLocalGRPC15error5ErrorE *' from 'struct _M0TPB8MutLocalGRP27pangbit10moonpulsar11PulsarErrorE *' [-Wincompatible-pointer-types]
  258 |   = _M0L11last__errorS104062;
      |   ^ ~~~~~~~~~~~~~~~~~~~~~~~~
1 warning generated.
DEBUG route: frame type 21
DEBUG route: frame type 21
DEBUG route: frame type 21
DEBUG route: frame type 23
DEBUG route: frame type 23
DEBUG route: frame type 21
DEBUG route: frame type 21
DEBUG route: frame type 23
DEBUG route: frame type 21
DEBUG route: frame type 5
DEBUG route: frame type 4
DEBUG route: frame type 23
DEBUG route: frame type 23
DEBUG route: frame type 4
DEBUG route: frame type 21
DEBUG route: frame type 21
DEBUG route: frame type 23
DEBUG route: frame type 21
DEBUG route: frame type 11
DEBUG route: frame type 4
DEBUG route: frame type 4
DEBUG route: frame type 11
DEBUG route: frame type 23
DEBUG route: frame type 29
DEBUG route: frame type 23
DEBUG route: frame type 4
DEBUG route: frame type 23
DEBUG route: frame type 11
DEBUG route: frame type 29
DEBUG route: frame type 4
DEBUG route: frame type 4
DEBUG route: frame type 11
DEBUG route: frame type 4
DEBUG route: frame type 29
DEBUG route: frame type 11
DEBUG route: frame type 29
DEBUG route: frame type 11
DEBUG route: frame type 29
DEBUG route: frame type 11
DEBUG route: frame type 6
DEBUG route: frame type 16
DEBUG route: frame type 16
DEBUG route: frame type 16
DEBUG route: frame type 10
DEBUG route: frame type 16
DEBUG route: frame type 15
DEBUG route: frame type 16
DEBUG route: frame type 23
DEBUG route: frame type 16
DEBUG route: frame type 23
DEBUG route: frame type 34
DEBUG route: frame type 34
DEBUG route: frame type 23
DEBUG route: frame type 34
DEBUG route: frame type 16
DEBUG: connected
DEBUG route: frame type 21
DEBUG route: frame type 23
DEBUG route: frame type 5
DEBUG route: frame type 23
DEBUG route: frame type 5
DEBUG: producer created
DEBUG route: frame type 6
DEBUG route: frame type 6
DEBUG route: frame type 6
DEBUG route: frame type 6
DEBUG route: frame type 15
DEBUG route: frame type 15
DEBUG route: frame type 21
DEBUG route: frame type 23
DEBUG route: frame type 5
DEBUG route: frame type 23
DEBUG route: frame type 5
DEBUG route: frame type 23
DEBUG route: frame type 5
DEBUG route: frame type 6
DEBUG route: frame type 6
DEBUG route: frame type 6
DEBUG route: frame type 6
DEBUG route: frame type 15
DEBUG route: frame type 15
DEBUG route: frame type 15
DEBUG route: frame type 21
DEBUG route: frame type 23
DEBUG route: frame type 5
DEBUG route: frame type 23
DEBUG route: frame type 5
DEBUG route: frame type 23
DEBUG route: frame type 5
DEBUG route: frame type 6
DEBUG route: frame type 6
DEBUG route: frame type 6
DEBUG route: frame type 15
DEBUG route: frame type 15
DEBUG route: frame type 15
DEBUG route: frame type 21
DEBUG route: frame type 23
DEBUG route: frame type 5
DEBUG route: frame type 23
DEBUG route: frame type 5
DEBUG route: frame type 23
DEBUG route: frame type 5
DEBUG route: frame type 6
DEBUG route: frame type 6
DEBUG route: frame type 6
DEBUG route: frame type 15
DEBUG route: frame type 15
DEBUG route: frame type 15
DEBUG route: frame type 21
DEBUG route: frame type 23
DEBUG route: frame type 4
DEBUG route: frame type 11
DEBUG route: frame type 23
DEBUG route: frame type 4
DEBUG route: frame type 11
DEBUG route: frame type 10
DEBUG route: frame type 10
DEBUG route: frame type 16
DEBUG route: frame type 16
DEBUG route: frame type 21
DEBUG route: frame type 23
DEBUG route: frame type 5
DEBUG route: frame type 21
DEBUG route: frame type 23
DEBUG route: frame type 5
DEBUG route: frame type 21
DEBUG route: frame type 23
DEBUG route: frame type 21
DEBUG route: frame type 4
DEBUG route: frame type 23
DEBUG route: frame type 11
DEBUG route: frame type 4
DEBUG route: frame type 11
DEBUG route: frame type 6
DEBUG route: frame type 15
DEBUG route: frame type 15
DEBUG route: frame type 32
DEBUG route: frame type 21
DEBUG route: frame type 23
DEBUG route: frame type 4
DEBUG route: frame type 11
DEBUG route: frame type 32
DEBUG route: frame type 21
DEBUG route: frame type 23
DEBUG route: frame type 4
DEBUG route: frame type 11
DEBUG route: frame type 21
DEBUG route: frame type 23
DEBUG route: frame type 4
DEBUG route: frame type 11
DEBUG route: frame type 32
DEBUG route: frame type 21
DEBUG route: frame type 23
DEBUG route: frame type 4
DEBUG route: frame type 11
DEBUG route: frame type 21
DEBUG route: frame type 21
DEBUG route: frame type 23
DEBUG route: frame type 23
DEBUG route: frame type 4
DEBUG route: frame type 4
DEBUG route: frame type 11
DEBUG route: frame type 11
DEBUG route: frame type 16
DEBUG route: frame type 16
DEBUG route: frame type 16
DEBUG route: frame type 16
DEBUG route: frame type 32
DEBUG route: frame type 21
DEBUG route: frame type 23
DEBUG route: frame type 4
DEBUG route: frame type 11
DEBUG route: frame type 10
DEBUG route: frame type 16
DEBUG route: frame type 16
DEBUG route: frame type 21
DEBUG route: frame type 23
DEBUG route: frame type 4
DEBUG route: frame type 11
DEBUG route: frame type 21
DEBUG route: frame type 23
DEBUG route: frame type 4
DEBUG route: frame type 11
DEBUG route: frame type 10
DEBUG route: frame type 32
DEBUG route: frame type 10
DEBUG route: frame type 16
DEBUG route: frame type 16
DEBUG route: frame type 16
DEBUG route: frame type 21
DEBUG route: frame type 21
DEBUG route: frame type 23
DEBUG route: frame type 4
DEBUG route: frame type 11
DEBUG route: frame type 32
DEBUG route: frame type 32
DEBUG route: frame type 21
DEBUG route: frame type 23
DEBUG route: frame type 4
DEBUG route: frame type 11
DEBUG route: frame type 16
DEBUG route: frame type 16
DEBUG route: frame type 32
DEBUG route: frame type 21
DEBUG route: frame type 23
DEBUG route: frame type 4
DEBUG route: frame type 11
DEBUG route: frame type 10
DEBUG route: frame type 16
DEBUG route: frame type 21
DEBUG route: frame type 23
DEBUG route: frame type 21
DEBUG route: frame type 4
DEBUG route: frame type 23
DEBUG route: frame type 11
DEBUG route: frame type 4
DEBUG route: frame type 16
DEBUG route: frame type 16
DEBUG route: frame type 11
DEBUG route: frame type 10
DEBUG route: frame type 21
DEBUG route: frame type 10
DEBUG route: frame type 16
DEBUG route: frame type 23
DEBUG route: frame type 4
DEBUG route: frame type 11
DEBUG route: frame type 10
DEBUG route: frame type 16
DEBUG route: frame type 21
DEBUG route: frame type 21
DEBUG route: frame type 21
DEBUG route: frame type 23
DEBUG route: frame type 23
DEBUG route: frame type 23
DEBUG route: frame type 4
DEBUG route: frame type 4
DEBUG route: frame type 4
DEBUG route: frame type 11
DEBUG route: frame type 11
DEBUG route: frame type 11
DEBUG route: frame type 10
DEBUG route: frame type 11
DEBUG route: frame type 16
DEBUG route: frame type 16
DEBUG route: frame type 16
DEBUG route: frame type 16
DEBUG route: frame type 21
DEBUG route: frame type 23
DEBUG route: frame type 4
DEBUG route: frame type 11
DEBUG route: frame type 11
DEBUG route: frame type 16
DEBUG route: frame type 21
DEBUG route: frame type 23
DEBUG route: frame type 5
DEBUG route: frame type 21
DEBUG route: frame type 23
DEBUG route: frame type 4
DEBUG route: frame type 11
DEBUG route: frame type 16
DEBUG route: frame type 15
DEBUG route: frame type 20
DEBUG route: frame type 16
DEBUG route: frame type 21
DEBUG route: frame type 23
DEBUG route: frame type 4
DEBUG route: frame type 11
DEBUG route: frame type 23
DEBUG route: frame type 34
DEBUG route: frame type 23
DEBUG route: frame type 34
DEBUG route: frame type 16
Total tests: 326, passed: 326, failed: 0.
