BENCH size=1024 sample=0 mode=old us=[7.1708, 6.79165, 6.8542000000000005, 6.94585, 6.82705]
BENCH size=1024 sample=0 mode=new us=[1.31875, 1.25, 1.2354, 1.2271, 1.2333500000000002]
BENCH size=1024 sample=1 mode=old us=[3.2479500000000003, 3.1875, 3.1479, 3.175, 3.18335]
BENCH size=1024 sample=1 mode=new us=[0.70835, 0.6792, 0.6792, 0.675, 0.67085]
BENCH size=32768 sample=2 mode=old us=[
  118.04165,
  105.59790000000001,
  107.17705000000001,
  104.24165,
  96.4479,
]
BENCH size=32768 sample=2 mode=new us=[
  16.14375,
  15.970850000000002,
  15.970850000000002,
  15.908350000000002,
  16.0271,
]
BENCH size=32768 sample=3 mode=old us=[11.1125, 11.0917, 11.09585, 11.11665, 11.11665]
BENCH size=32768 sample=3 mode=new us=[4.7146, 4.4417, 4.625, 4.47085, 4.8833]
BENCH size=262144 sample=4 mode=old us=[
  619.91665,
  545.5770500000001,
  500.93545000000006,
  465.04580000000004,
  471.7521,
]
BENCH size=262144 sample=4 mode=new us=[63.6375, 58.45625, 58.27290000000001, 59.2625, 58.06665]
BENCH size=262144 sample=5 mode=old us=[40.758300000000006, 40.572950000000006, 40.86875, 41.6354, 41.7271]
BENCH size=262144 sample=5 mode=new us=[20.31875, 20.9042, 20.6354, 20.55625, 20.975]
PASS 1000 sync-flush and 1000 complete streams against native baseline
Total tests: 1, passed: 1, failed: 0.
Using cached Milky2018/zstd@0.1.3
Using cached Milky2018/moon_yazi@0.1.3
Using cached moonbitlang/protobuf@0.1.3
Using cached moonbitlang/async@0.22.1
Using cached cc06b/mooncry@0.95.0
Using cached moonbit-community/flate@0.8.3
Using cached yugonlian/moon-avro@0.3.0
libtool: warning: 'watch_windows.o' has no symbols
libtool: warning: 'stub.o' has no symbols
libtool: warning: 'epoll.o' has no symbols
libtool: warning: 'iocp.o' has no symbols
libtool: warning: 'io_windows.o' has no symbols
libtool: warning: 'schannel.o' has no symbols
